12-25 17:34:25.934 I/ExoPlayerImpl(13881): Release af0bcd4 [AndroidXMedia3/1.4.1] [emu64xa, sdk_gphone64_x86_64, Google, 36] [media3.common, media3.ui, media3.exoplayer, media3.decoder, media3.session, media3.database, media3.exoplayer.hls, media3.datasource, media3.extractor]
12-25 17:34:35.793 D/ExtractionRateLimiter(13881): Permit acquired for zj_0zezg-Kg (PREFETCH)
12-25 17:34:35.793 D/StreamPrefetch(13881): Starting prefetch for zj_0zezg-Kg
12-25 17:34:35.793 D/ExtractorMetrics(13881): extractor_cache_miss type=VIDEOS misses=1
12-25 17:34:35.856 I/ExoPlayerImpl(13881): Init 61f4416 [AndroidXMedia3/1.4.1] [emu64xa, sdk_gphone64_x86_64, Google, 36]
12-25 17:34:35.862 I/ActivityManager(  681): Background started FGS: Allowed [callingPackage: com.albunyaan.tube; callingUid: 10222; uidState: TOP ; uidBFSL: [BFSL]; intent: Intent { act=com.albunyaan.tube.LOCAL_BIND xflg=0x4 cmp=com.albunyaan.tube/.player.PlaybackService }; code:PROC_STATE_TOP; tempAllowListReason:<null>; allowWiu:12; targetSdkVersion:34; callerTargetSdkVersion:34; startForegroundCount:3; bindFromPackage:null: isBindService:true]
12-25 17:34:35.863 D/PlayerFragment(13881): Started PlaybackService for foreground notification
12-25 17:34:35.880 D/PlaybackService(13881): Initializing MediaSession with player (playWhenReady=true, state=1)
12-25 17:34:35.886 I/PlaybackService(13881): MediaSession initialized successfully - notification should appear when playback starts
12-25 17:34:35.887 D/PlaybackService(13881): setPlayerUiVisible: true
12-25 17:34:35.887 D/PlaybackService(13881): updateForegroundState: appInForeground=true, playerUiVisible=true, playbackActive=false, isPlaying=false, state=1
12-25 17:34:35.887 D/PlaybackService(13881): Foreground mode stopped (UI visible)
12-25 17:34:35.888 D/PlaybackService(13881): onStartCommand called (action=null, flags=0, startId=3)
12-25 17:34:35.889 D/PlayerViewModel(13881): Fast path: targetVideoId found at hinted index 1
12-25 17:34:35.889 D/PlayerViewModel(13881): Playlist initialized: 100 items, startIndex=1, hasMore=true
12-25 17:34:35.895 D/StreamPrefetch(13881): Awaiting in-flight prefetch for zj_0zezg-Kg
12-25 17:34:37.261 D/AdaptiveAvail(13881): {"vid":"zj_0zezg-Kg","hasHls":true,"hasDash":false,"adaptive":"HLS_ONLY","streamType":"VIDEO_STREAM","durSec":400,"videoTracks":4,"audioTracks":2,"hasVideoOnly":true}
12-25 17:34:37.261 D/ExtractorMetrics(13881): stream_resolve_success videoId=zj_0zezg-Kg durationMs=1468
12-25 17:34:37.262 D/ExtractionRateLimiter(13881): Extraction success for zj_0zezg-Kg - backoff reset
12-25 17:34:37.262 D/StreamPrefetch(13881): Prefetch completed for zj_0zezg-Kg
12-25 17:34:37.262 D/StreamPrefetch(13881): Prefetch consumed (awaited) for zj_0zezg-Kg
12-25 17:34:37.262 D/PlayerViewModel(13881): Using tap-prefetched stream for zj_0zezg-Kg
12-25 17:34:37.268 D/PlayerFragment(13881): Preparing stream: id=zj_0zezg-Kg, audioOnly=false, expectedUrl=https://manifest.googlevideo.com/api/manifest/hls_variant/expire/1766702077/ei/nWdNaaOPCYaH0u8Poo7_gAU/ip/105.155.60.118/id/ce3ff4cdece0f8a8/source/youtube/requiressl/yes/xpc/EgVo2aDSNQ%3D%3D/playback_host/rr1---sn-p5h-gc5y.googlevideo.com/cps/0/met/1766680477%2C/mh/pM/mm/31%2C26/mn/sn-p5h-gc5y%2Csn-hgn7yn7z/ms/au%2Conr/mv/m/mvi/1/pl/22/rms/au%2Cau/tx/51666466/txs/51666463%2C51666464%2C51666465%2C51666466%2C51666467/hfr/1/demuxed/1/tts_caps/1/maudio/1/initcwndbps/942500/bui/AYUSA3AyZTmyjkns1oFDHx98C_4aug3yi2g1zlROc8DMSVRLuONK3xtMrBjKZfrflkRn6Tazllpu1o1H/spc/wH4Qqy2LKYxAQnAbr6V_ky-chZMcXnYvo3ktqANJir4ndoN-owdWDRpNhl24kdbZ/vprv/1/go/1/rqh/5/mt/1766680153/fvip/2/nvgoi/1/short_key/1/ncsapi/1/keepalive/yes/fexp/51552689%2C51565115%2C51565681%2C51580968/dover/13/itag/0/playlist_type/DVR/sparams/expire%2Cei%2Cip%2Cid%2Csource%2Crequiressl%2Cxpc%2Ctx%2Ctxs%2Chfr%2Cdemuxed%2Ctts_caps%2Cmaudio%2Cbui%2Cspc%2Cvprv%2Cgo%2Crqh%2Citag%2Cplaylist_type/sig/AJfQdSswRQIhALhQgYbgVKQaKzCgz48m0sMyK9Xq76eWd9dc5nIHfgy-AiBcDFkDc-CsG4vmTeW3mvnEPWTT0lLrUpvPT3HIJJyFkg%3D%3D/lsparams/playback_host%2Ccps%2Cmet%2Cmh%2Cmm%2Cmn%2Cms%2Cmv%2Cmvi%2Cpl%2Crms%2Cinitcwndbps/lsig/APaTxxMwRQIhAMPVoF1oE5EI40l4-EMiB1Fzifbkfhd-RQlNjT2c2ek_AiBhYwSzlAxKI2LkoKV5NFNrJUzGaSarMp2wxXdWMnSWPg%3D%3D/file/index.m3u8?, isQualitySwitch=false
12-25 17:34:37.268 D/PlayerFragment(13881): Created media source: isAdaptive=true, type=HLS, qualityCap=nullp, actualSource=manifest.googlevideo.com#624b6155
12-25 17:34:37.268 D/PlayerFragment(13881): Track selector: cleared constraints (ABR free)
12-25 17:34:37.274 D/PlayerFragment(13881): onPlaybackStateChanged: state=2
12-25 17:34:37.275 D/PlaybackService(13881): onPlaybackStateChanged: state=2, playWhenReady=true
12-25 17:34:37.275 D/PlaybackService(13881): updateForegroundState: appInForeground=true, playerUiVisible=true, playbackActive=true, isPlaying=false, state=2
12-25 17:34:37.276 D/PlaybackService(13881): Foreground mode stopped (UI visible)
12-25 17:34:37.276 D/PlayerFragment(13881): Stream prepared successfully: zj_0zezg-Kg, isAdaptive=true, type=HLS, actualSource=manifest.googlevideo.com#624b6155
12-25 17:34:37.278 D/PlaybackService(13881): onMediaMetadataChanged: title=برنامج ورقات 2 - آداب عيد الفطر
12-25 17:34:37.279 D/PlaybackService(13881): setCurrentVideoId: zj_0zezg-Kg
12-25 17:34:37.279 D/PlayerFragment(13881): Synced MediaSession metadata for: برنامج ورقات 2 - آداب عيد الفطر (forced)
12-25 17:34:37.333 D/PlaybackService(13881): onMediaMetadataChanged: title=برنامج ورقات 2 - آداب عيد الفطر
12-25 17:34:38.759 D/PlayerFragment(13881): onVideoSizeChanged: width=640, height=360, pixelWidthHeightRatio=1.0, playerViewResizeMode=0
12-25 17:34:38.783 D/PlayerFragment(13881): onPlaybackStateChanged: state=3
12-25 17:34:38.784 D/PlaybackService(13881): onPlaybackStateChanged: state=3, playWhenReady=true
12-25 17:34:38.784 D/PlaybackService(13881): updateForegroundState: appInForeground=true, playerUiVisible=true, playbackActive=true, isPlaying=true, state=3
12-25 17:34:38.784 D/PlaybackService(13881): Foreground mode stopped (UI visible)
12-25 17:34:38.784 D/PlayerFragment(13881): onIsPlayingChanged: isPlaying=true, hasAutoHidden=false
12-25 17:34:38.784 D/ExtractionRateLimiter(13881): Reset rate limit state for zj_0zezg-Kg
12-25 17:34:38.785 D/ExtractionRateLimiter(13881): Permit acquired for gTAlm9vdQCo (PREFETCH)
12-25 17:34:38.785 D/PlayerViewModel(13881): Prefetch: Starting for gTAlm9vdQCo
12-25 17:34:38.785 D/ExtractorMetrics(13881): extractor_cache_miss type=VIDEOS misses=1
12-25 17:34:38.785 D/PlaybackService(13881): onIsPlayingChanged: isPlaying=true, uiVisible=true
12-25 17:34:38.785 D/PlaybackService(13881): updateForegroundState: appInForeground=true, playerUiVisible=true, playbackActive=true, isPlaying=true, state=3
12-25 17:34:38.786 D/PlaybackService(13881): Foreground mode stopped (UI visible)
12-25 17:34:40.405 D/AdaptiveAvail(13881): {"vid":"gTAlm9vdQCo","hasHls":true,"hasDash":false,"adaptive":"HLS_ONLY","streamType":"VIDEO_STREAM","durSec":642,"videoTracks":4,"audioTracks":2,"hasVideoOnly":true}
12-25 17:34:40.405 D/ExtractorMetrics(13881): stream_resolve_success videoId=gTAlm9vdQCo durationMs=1620
12-25 17:34:40.405 D/ExtractionRateLimiter(13881): Extraction success for gTAlm9vdQCo - backoff reset
12-25 17:34:40.405 D/PlayerViewModel(13881): Prefetch: Completed for gTAlm9vdQCo
12-25 17:34:40.405 D/ExtractionRateLimiter(13881): Permit acquired for kHddQuHKD1s (PREFETCH)
12-25 17:34:40.405 D/PlayerViewModel(13881): Prefetch: Starting for kHddQuHKD1s
12-25 17:34:40.405 D/ExtractorMetrics(13881): extractor_cache_miss type=VIDEOS misses=1
12-25 17:34:41.785 D/PlayerFragment(13881): Auto-hiding controls: BEFORE - resizeMode=0, width=1280, height=720
12-25 17:34:41.794 D/PlayerFragment(13881): Auto-hiding controls: AFTER - resizeMode=0, width=1280, height=720
12-25 17:34:41.848 D/AdaptiveAvail(13881): {"vid":"kHddQuHKD1s","hasHls":true,"hasDash":false,"adaptive":"HLS_ONLY","streamType":"VIDEO_STREAM","durSec":774,"videoTracks":4,"audioTracks":2,"hasVideoOnly":true}
12-25 17:34:41.848 D/ExtractorMetrics(13881): stream_resolve_success videoId=kHddQuHKD1s durationMs=1444
12-25 17:34:41.849 D/ExtractionRateLimiter(13881): Extraction success for kHddQuHKD1s - backoff reset
12-25 17:34:41.849 D/PlayerViewModel(13881): Prefetch: Completed for kHddQuHKD1s
12-25 17:34:43.413 D/PlayerFragment(13881): Stream already prepared with same source, skipping
12-25 17:34:43.414 D/PlayerFragment(13881): Stream already prepared with same source, skipping
12-25 17:34:43.416 D/PlayerViewModel(13881): Using queue-prefetched stream for kHddQuHKD1s
12-25 17:34:43.419 D/PlayerFragment(13881): Preparing stream: id=kHddQuHKD1s, audioOnly=false, expectedUrl=https://manifest.googlevideo.com/api/manifest/hls_variant/expire/1766702081/ei/oWdNab2NKdCy0u8P5P2x2Q4/ip/105.155.60.118/id/90775d42e1ca0f5b/source/youtube/requiressl/yes/xpc/EgVo2aDSNQ%3D%3D/playback_host/rr4---sn-p5h-gc5y.googlevideo.com/cps/0/met/1766680481%2C/mh/o-/mm/31%2C26/mn/sn-p5h-gc5y%2Csn-hgn7yn76/ms/au%2Conr/mv/m/mvi/4/pl/22/rms/au%2Cau/hfr/1/demuxed/1/tts_caps/1/maudio/1/initcwndbps/942500/bui/AYUSA3ANmW3x5Tpg4xQ1ZQ5r8sT24fJHnv9PVqR5fv_QyBqbYkbotMWlW08jBRi9wALsAJ1Uqf3s3Z6X/spc/wH4Qq37d-3cEXjTpJIpqJj-unnq37-V0rBLzqD-i2YqLRghIDHYN73csPje43tn1/vprv/1/go/1/rqh/5/mt/1766680153/fvip/1/nvgoi/1/short_key/1/ncsapi/1/keepalive/yes/fexp/51552689%2C51565116%2C51565681%2C51580968/dover/13/itag/0/playlist_type/DVR/sparams/expire%2Cei%2Cip%2Cid%2Csource%2Crequiressl%2Cxpc%2Chfr%2Cdemuxed%2Ctts_caps%2Cmaudio%2Cbui%2Cspc%2Cvprv%2Cgo%2Crqh%2Citag%2Cplaylist_type/sig/AJfQdSswRgIhAPUrNVtlIaSy4lscnIr1IrVsj7kn4rFUtFp_jwARDYeqAiEA2iNjOky2AmnlTx_K4EF8GwKLR26n9Ly-jkjtmTfwzb0%3D/lsparams/playback_host%2Ccps%2Cmet%2Cmh%2Cmm%2Cmn%2Cms%2Cmv%2Cmvi%2Cpl%2Crms%2Cinitcwndbps/lsig/APaTxxMwRQIgc576TIsy3AYlTjcIPGwkSp7E4HLat0llIdZuZbxeUwMCIQCsGvxwb2yl_49L3QuXx3SA03BsoPmsj8J4wD7N4FKaxg%3D%3D/file/index.m3u8?, isQualitySwitch=false
12-25 17:34:43.419 D/PlayerFragment(13881): Created media source: isAdaptive=true, type=HLS, qualityCap=nullp, actualSource=manifest.googlevideo.com#fec13412
12-25 17:34:43.419 D/PlayerFragment(13881): Track selector: cleared constraints (ABR free)
12-25 17:34:43.423 D/PlaybackService(13881): onMediaMetadataChanged: title=null
12-25 17:34:43.423 D/PlayerFragment(13881): onPlaybackStateChanged: state=2
12-25 17:34:43.424 D/PlaybackService(13881): onPlaybackStateChanged: state=2, playWhenReady=true
12-25 17:34:43.424 D/PlaybackService(13881): updateForegroundState: appInForeground=true, playerUiVisible=true, playbackActive=true, isPlaying=false, state=2
12-25 17:34:43.424 D/PlaybackService(13881): Foreground mode stopped (UI visible)
12-25 17:34:43.424 D/PlayerFragment(13881): onIsPlayingChanged: isPlaying=false, hasAutoHidden=true
12-25 17:34:43.425 D/PlaybackService(13881): onIsPlayingChanged: isPlaying=false, uiVisible=true
12-25 17:34:43.425 D/PlaybackService(13881): updateForegroundState: appInForeground=true, playerUiVisible=true, playbackActive=true, isPlaying=false, state=2
12-25 17:34:43.425 D/PlaybackService(13881): Foreground mode stopped (UI visible)
12-25 17:34:43.426 D/PlayerFragment(13881): Stream prepared successfully: kHddQuHKD1s, isAdaptive=true, type=HLS, actualSource=manifest.googlevideo.com#fec13412
12-25 17:34:43.429 D/PlaybackService(13881): onMediaMetadataChanged: title=برنامج ورقات 2 - العبادة
12-25 17:34:43.429 D/PlaybackService(13881): setCurrentVideoId: kHddQuHKD1s
12-25 17:34:43.429 D/PlayerFragment(13881): Synced MediaSession metadata for: برنامج ورقات 2 - العبادة (forced)
12-25 17:34:43.442 D/PlayerFragment(13881): Stream already prepared with same source, skipping
12-25 17:34:43.442 D/PlayerFragment(13881): onVideoSizeChanged: width=0, height=0, pixelWidthHeightRatio=1.0, playerViewResizeMode=0
12-25 17:34:43.564 D/PlaybackService(13881): onMediaMetadataChanged: title=برنامج ورقات 2 - العبادة
12-25 17:34:45.135 D/PlayerFragment(13881): Stream already prepared with same source, skipping
12-25 17:34:45.135 D/PlayerFragment(13881): onVideoSizeChanged: width=640, height=360, pixelWidthHeightRatio=1.0, playerViewResizeMode=0
12-25 17:34:45.307 D/PlayerFragment(13881): onPlaybackStateChanged: state=3
12-25 17:34:45.307 D/PlaybackService(13881): onPlaybackStateChanged: state=3, playWhenReady=true
12-25 17:34:45.307 D/PlaybackService(13881): updateForegroundState: appInForeground=true, playerUiVisible=true, playbackActive=true, isPlaying=true, state=3
12-25 17:34:45.307 D/PlaybackService(13881): Foreground mode stopped (UI visible)
12-25 17:34:45.307 D/PlayerFragment(13881): onIsPlayingChanged: isPlaying=true, hasAutoHidden=true
12-25 17:34:45.307 D/ExtractionRateLimiter(13881): Reset rate limit state for kHddQuHKD1s
12-25 17:34:45.308 D/PlaybackService(13881): onIsPlayingChanged: isPlaying=true, uiVisible=true
12-25 17:34:45.308 D/PlaybackService(13881): updateForegroundState: appInForeground=true, playerUiVisible=true, playbackActive=true, isPlaying=true, state=3
12-25 17:34:45.308 D/PlaybackService(13881): Foreground mode stopped (UI visible)
12-25 17:34:53.255 D/PlayerFragment(13881): Controller visibility changed: 0, playerView.resizeMode=0, playerView.width=1280, playerView.height=720
12-25 17:34:53.258 D/PlayerFragment(13881): Controller visibility changed: 0, playerView.resizeMode=0, playerView.width=1280, playerView.height=720
12-25 17:34:53.264 D/PlayerFragment(13881): After controller visibility change layout: resizeMode=0, width=1280, height=720
12-25 17:34:53.264 D/PlayerFragment(13881): After controller visibility change layout: resizeMode=0, width=1280, height=720
12-25 17:34:54.329 D/PlaybackService(13881): setPlayerUiVisible: false
12-25 17:34:54.329 D/PlaybackService(13881): updateForegroundState: appInForeground=true, playerUiVisible=false, playbackActive=true, isPlaying=true, state=3
12-25 17:34:54.330 D/PlaybackService(13881): Entering foreground mode
12-25 17:34:54.331 I/ActivityManager(  681): Background started FGS: Allowed [callingPackage: com.albunyaan.tube; callingUid: 10222; uidState: TOP ; uidBFSL: [BFSL]; intent: Intent { act=com.albunyaan.tube.LOCAL_BIND cmp=com.albunyaan.tube/.player.PlaybackService }; code:PROC_STATE_TOP; tempAllowListReason:<null>; allowWiu:12; targetSdkVersion:34; callerTargetSdkVersion:34; startForegroundCount:3; bindFromPackage:null: isBindService:false]
12-25 17:34:54.332 D/PlaybackService(13881): Foreground mode started
12-25 17:34:54.475 D/PlaybackService(13881): Releasing MediaSession
12-25 17:34:54.476 D/PlayerFragment(13881): Controller visibility changed: 0, playerView.resizeMode=0, playerView.width=1280, playerView.height=720
12-25 17:34:54.482 D/PlayerFragment(13881): Controller visibility changed: 8, playerView.resizeMode=0, playerView.width=1280, playerView.height=720
12-25 17:34:54.584 I/ExoPlayerImpl(13881): Release 61f4416 [AndroidXMedia3/1.4.1] [emu64xa, sdk_gphone64_x86_64, Google, 36] [media3.common, media3.ui, media3.exoplayer, media3.decoder, media3.session, media3.database, media3.exoplayer.hls, media3.datasource, media3.extractor]
12-25 17:35:05.560 D/ExtractionRateLimiter(13881): Permit acquired for 9qgdsB5soFc (PREFETCH)
12-25 17:35:05.560 D/StreamPrefetch(13881): Starting prefetch for 9qgdsB5soFc
12-25 17:35:05.562 D/ExtractorMetrics(13881): extractor_cache_miss type=VIDEOS misses=1
12-25 17:35:05.639 I/ExoPlayerImpl(13881): Init 8b5b9d3 [AndroidXMedia3/1.4.1] [emu64xa, sdk_gphone64_x86_64, Google, 36]
12-25 17:35:05.646 I/ActivityManager(  681): Background started FGS: Allowed [callingPackage: com.albunyaan.tube; callingUid: 10222; uidState: TOP ; uidBFSL: [BFSL]; intent: Intent { act=com.albunyaan.tube.LOCAL_BIND xflg=0x4 cmp=com.albunyaan.tube/.player.PlaybackService }; code:PROC_STATE_TOP; tempAllowListReason:<null>; allowWiu:12; targetSdkVersion:34; callerTargetSdkVersion:34; startForegroundCount:4; bindFromPackage:null: isBindService:true]
12-25 17:35:05.647 D/PlayerFragment(13881): Started PlaybackService for foreground notification
12-25 17:35:05.666 D/PlaybackService(13881): Initializing MediaSession with player (playWhenReady=true, state=1)
12-25 17:35:05.673 I/PlaybackService(13881): MediaSession initialized successfully - notification should appear when playback starts
12-25 17:35:05.673 D/PlaybackService(13881): setPlayerUiVisible: true
12-25 17:35:05.673 D/PlaybackService(13881): updateForegroundState: appInForeground=true, playerUiVisible=true, playbackActive=false, isPlaying=false, state=1
12-25 17:35:05.675 D/PlaybackService(13881): Foreground mode stopped (UI visible)
12-25 17:35:05.675 D/PlaybackService(13881): onStartCommand called (action=null, flags=0, startId=4)
12-25 17:35:05.675 D/PlayerViewModel(13881): Fast path: targetVideoId found at hinted index 0
12-25 17:35:05.676 D/PlayerViewModel(13881): Playlist initialized: 100 items, startIndex=0, hasMore=true
12-25 17:35:05.680 D/StreamPrefetch(13881): Awaiting in-flight prefetch for 9qgdsB5soFc
12-25 17:35:07.448 D/AdaptiveAvail(13881): {"vid":"9qgdsB5soFc","hasHls":true,"hasDash":false,"adaptive":"HLS_ONLY","streamType":"VIDEO_STREAM","durSec":126,"videoTracks":13,"audioTracks":7,"hasVideoOnly":true}
12-25 17:35:07.448 D/ExtractorMetrics(13881): stream_resolve_success videoId=9qgdsB5soFc durationMs=1886
12-25 17:35:07.448 D/ExtractionRateLimiter(13881): Extraction success for 9qgdsB5soFc - backoff reset
12-25 17:35:07.448 D/StreamPrefetch(13881): Prefetch completed for 9qgdsB5soFc
12-25 17:35:07.449 D/StreamPrefetch(13881): Prefetch consumed (awaited) for 9qgdsB5soFc
12-25 17:35:07.449 D/PlayerViewModel(13881): Using tap-prefetched stream for 9qgdsB5soFc
12-25 17:35:07.454 D/PlayerFragment(13881): Preparing stream: id=9qgdsB5soFc, audioOnly=false, expectedUrl=https://manifest.googlevideo.com/api/manifest/hls_variant/expire/1766702107/ei/u2dNaZo35cTS7w_606fwCw/ip/105.155.60.118/id/f6a81db01e6ca057/source/youtube/requiressl/yes/xpc/EgVo2aDSNQ%3D%3D/playback_host/rr4---sn-p5h-gc5y.googlevideo.com/cps/0/met/1766680507%2C/mh/Fq/mm/31%2C26/mn/sn-p5h-gc5y%2Csn-hgn7yn7s/ms/au%2Conr/mv/m/mvi/4/pl/22/rms/au%2Cau/tx/51539831/txs/51539830%2C51539831/hfr/1/demuxed/1/tts_caps/1/maudio/1/initcwndbps/942500/bui/AYUSA3DUjGy3WdcRcrreNhOHWb4_mXVSr_XBhrayt0GlxM0B_GrFisSwlspIGLb5XACxyMMiDQmP2sYc/spc/wH4Qq2s2Yh7xjn4Q5sMMhgVJ3hIuUJraaFqneoRoBBKqaa-xt-70bc3yDj5-fDZ5/vprv/1/go/1/rqh/5/mt/1766680153/fvip/3/nvgoi/1/short_key/1/ncsapi/1/keepalive/yes/fexp/51552689%2C51565116%2C51565682%2C51580968/dover/13/itag/0/playlist_type/DVR/sparams/expire%2Cei%2Cip%2Cid%2Csource%2Crequiressl%2Cxpc%2Ctx%2Ctxs%2Chfr%2Cdemuxed%2Ctts_caps%2Cmaudio%2Cbui%2Cspc%2Cvprv%2Cgo%2Crqh%2Citag%2Cplaylist_type/sig/AJfQdSswRQIgLGdsnTyQC22XaZ2CPry6_LwTUWdERKoeMaUwFhPxQ6kCIQDj3x3A_6ZukS8tx6h3Yb94Xcg1vk1O1UMqgar50KzozA%3D%3D/lsparams/playback_host%2Ccps%2Cmet%2Cmh%2Cmm%2Cmn%2Cms%2Cmv%2Cmvi%2Cpl%2Crms%2Cinitcwndbps/lsig/APaTxxMwRQIgU1XcdYHJg4YEInfqux5jg9YefiEN5mtlRHwBFZ0XgsMCIQCKTS19GxSJYy7ZuiUjzPjxa9N7eIossjZ10xIlnd3VJw%3D%3D/file/index.m3u8?, isQualitySwitch=false
12-25 17:35:07.454 D/PlayerFragment(13881): Created media source: isAdaptive=true, type=HLS, qualityCap=nullp, actualSource=manifest.googlevideo.com#c4afe7d2
12-25 17:35:07.454 D/PlayerFragment(13881): Track selector: cleared constraints (ABR free)
12-25 17:35:07.460 D/PlayerFragment(13881): onPlaybackStateChanged: state=2
12-25 17:35:07.461 D/PlaybackService(13881): onPlaybackStateChanged: state=2, playWhenReady=true
12-25 17:35:07.461 D/PlaybackService(13881): updateForegroundState: appInForeground=true, playerUiVisible=true, playbackActive=true, isPlaying=false, state=2
12-25 17:35:07.461 D/PlaybackService(13881): Foreground mode stopped (UI visible)
12-25 17:35:07.461 D/PlayerFragment(13881): Stream prepared successfully: 9qgdsB5soFc, isAdaptive=true, type=HLS, actualSource=manifest.googlevideo.com#c4afe7d2
12-25 17:35:07.464 D/PlaybackService(13881): onMediaMetadataChanged: title=سلامته البيبي 🤒 (بدون ايقاع) | قناة مرح كي جي - Marah KG
12-25 17:35:07.464 D/PlaybackService(13881): setCurrentVideoId: 9qgdsB5soFc
12-25 17:35:07.464 D/PlayerFragment(13881): Synced MediaSession metadata for: سلامته البيبي 🤒 (بدون ايقاع) | قناة مرح كي جي - Marah KG (forced)
12-25 17:35:07.593 D/PlaybackService(13881): onMediaMetadataChanged: title=سلامته البيبي 🤒 (بدون ايقاع) | قناة مرح كي جي - Marah KG
12-25 17:35:09.264 D/PlayerFragment(13881): onVideoSizeChanged: width=1920, height=1080, pixelWidthHeightRatio=1.0, playerViewResizeMode=0
12-25 17:35:09.356 D/PlayerFragment(13881): onPlaybackStateChanged: state=3
12-25 17:35:09.357 D/PlaybackService(13881): onPlaybackStateChanged: state=3, playWhenReady=true
12-25 17:35:09.357 D/PlaybackService(13881): updateForegroundState: appInForeground=true, playerUiVisible=true, playbackActive=true, isPlaying=true, state=3
12-25 17:35:09.357 D/PlaybackService(13881): Foreground mode stopped (UI visible)
12-25 17:35:09.357 D/PlayerFragment(13881): onIsPlayingChanged: isPlaying=true, hasAutoHidden=false
12-25 17:35:09.357 D/ExtractionRateLimiter(13881): Reset rate limit state for 9qgdsB5soFc
12-25 17:35:09.357 D/ExtractionRateLimiter(13881): Permit acquired for x_WQVvjsFAg (PREFETCH)
12-25 17:35:09.357 D/PlayerViewModel(13881): Prefetch: Starting for x_WQVvjsFAg
12-25 17:35:09.358 D/ExtractorMetrics(13881): extractor_cache_miss type=VIDEOS misses=1
12-25 17:35:09.358 D/PlaybackService(13881): onIsPlayingChanged: isPlaying=true, uiVisible=true
12-25 17:35:09.358 D/PlaybackService(13881): updateForegroundState: appInForeground=true, playerUiVisible=true, playbackActive=true, isPlaying=true, state=3
12-25 17:35:09.358 D/PlaybackService(13881): Foreground mode stopped (UI visible)
12-25 17:35:10.961 D/AdaptiveAvail(13881): {"vid":"x_WQVvjsFAg","hasHls":true,"hasDash":false,"adaptive":"HLS_ONLY","streamType":"VIDEO_STREAM","durSec":131,"videoTracks":13,"audioTracks":7,"hasVideoOnly":true}
12-25 17:35:10.961 D/ExtractorMetrics(13881): stream_resolve_success videoId=x_WQVvjsFAg durationMs=1603
12-25 17:35:10.961 D/ExtractionRateLimiter(13881): Extraction success for x_WQVvjsFAg - backoff reset
12-25 17:35:10.961 D/PlayerViewModel(13881): Prefetch: Completed for x_WQVvjsFAg
12-25 17:35:10.961 D/ExtractionRateLimiter(13881): Permit acquired for 5peZkbWJOa4 (PREFETCH)
12-25 17:35:10.961 D/PlayerViewModel(13881): Prefetch: Starting for 5peZkbWJOa4
12-25 17:35:10.961 D/ExtractorMetrics(13881): extractor_cache_miss type=VIDEOS misses=1
12-25 17:35:12.357 D/PlayerFragment(13881): Auto-hiding controls: BEFORE - resizeMode=0, width=1280, height=720
12-25 17:35:12.380 D/PlayerFragment(13881): Auto-hiding controls: AFTER - resizeMode=0, width=1280, height=720
12-25 17:35:12.574 D/AdaptiveAvail(13881): {"vid":"5peZkbWJOa4","hasHls":true,"hasDash":false,"adaptive":"HLS_ONLY","streamType":"VIDEO_STREAM","durSec":186,"videoTracks":13,"audioTracks":7,"hasVideoOnly":true}
12-25 17:35:12.574 D/ExtractorMetrics(13881): stream_resolve_success videoId=5peZkbWJOa4 durationMs=1612
12-25 17:35:12.574 D/ExtractionRateLimiter(13881): Extraction success for 5peZkbWJOa4 - backoff reset
12-25 17:35:12.574 D/PlayerViewModel(13881): Prefetch: Completed for 5peZkbWJOa4
12-25 17:35:18.000 D/PlayerFragment(13881): Stream already prepared with same source, skipping
12-25 17:35:18.002 D/PlayerFragment(13881): Stream already prepared with same source, skipping
12-25 17:35:18.004 D/PlayerViewModel(13881): Using queue-prefetched stream for 5peZkbWJOa4
12-25 17:35:18.006 D/PlayerFragment(13881): Preparing stream: id=5peZkbWJOa4, audioOnly=false, expectedUrl=https://manifest.googlevideo.com/api/manifest/hls_variant/expire/1766702112/ei/wGdNaZ6HDsnDv_IPnbX8-Ao/ip/105.155.60.118/id/e6979991b58939ae/source/youtube/requiressl/yes/xpc/EgVo2aDSNQ%3D%3D/playback_host/rr1---sn-p5h-gc5y.googlevideo.com/cps/43/met/1766680512%2C/mh/Rp/mm/31%2C26/mn/sn-p5h-gc5y%2Csn-hgn7yn7z/ms/au%2Conr/mv/m/mvi/1/pl/22/rms/au%2Cau/tx/51666465/txs/51666463%2C51666464%2C51666465%2C51666466%2C51666467/hfr/1/demuxed/1/tts_caps/1/maudio/1/initcwndbps/942500/bui/AYUSA3BPN7_wiwsnJT0mvrn5Y_zoOMj8s1C2vNjR7wNn_PKEyHOS1ybYdbNLYYgdVdlt9awAPypn8hDW/spc/wH4Qq030tTUzPxnc8KtjUttVTHVD4x1cBtmy7cWxjByIT_hxCAgfQvm1omRpKgY_/vprv/1/go/1/rqh/5/mt/1766680153/fvip/5/nvgoi/1/short_key/1/ncsapi/1/keepalive/yes/fexp/51552689%2C51565116%2C51565682%2C51580968/dover/13/itag/0/playlist_type/DVR/sparams/expire%2Cei%2Cip%2Cid%2Csource%2Crequiressl%2Cxpc%2Ctx%2Ctxs%2Chfr%2Cdemuxed%2Ctts_caps%2Cmaudio%2Cbui%2Cspc%2Cvprv%2Cgo%2Crqh%2Citag%2Cplaylist_type/sig/AJfQdSswRQIgZCTutva_LiOS8H-nJozWYi2-qvgrtpwuG4F1ANOjpyMCIQC_weUa-GsJcHbtGnpFvCMkSSBA6bZ14IO1wth1gUlZ_Q%3D%3D/lsparams/playback_host%2Ccps%2Cmet%2Cmh%2Cmm%2Cmn%2Cms%2Cmv%2Cmvi%2Cpl%2Crms%2Cinitcwndbps/lsig/APaTxxMwRQIgPXp-ZvNVVJCinGdoMI6Ps5l4Uvt8ehLy8CYPPx4MnawCIQCOYeYGQDC-nOc2m3EwPhyfMqMJFn3iq11K5gNJ4SOWlg%3D%3D/file/index.m3u8?, isQualitySwitch=false
12-25 17:35:18.006 D/PlayerFragment(13881): Created media source: isAdaptive=true, type=HLS, qualityCap=nullp, actualSource=manifest.googlevideo.com#211a0e7e
12-25 17:35:18.006 D/PlayerFragment(13881): Track selector: cleared constraints (ABR free)
12-25 17:35:18.011 D/PlaybackService(13881): onMediaMetadataChanged: title=null
12-25 17:35:18.012 D/PlayerFragment(13881): onPlaybackStateChanged: state=2
12-25 17:35:18.012 D/PlaybackService(13881): onPlaybackStateChanged: state=2, playWhenReady=true
12-25 17:35:18.012 D/PlaybackService(13881): updateForegroundState: appInForeground=true, playerUiVisible=true, playbackActive=true, isPlaying=false, state=2
12-25 17:35:18.012 D/PlaybackService(13881): Foreground mode stopped (UI visible)
12-25 17:35:18.013 D/PlayerFragment(13881): onIsPlayingChanged: isPlaying=false, hasAutoHidden=true
12-25 17:35:18.013 D/PlaybackService(13881): onIsPlayingChanged: isPlaying=false, uiVisible=true
12-25 17:35:18.013 D/PlaybackService(13881): updateForegroundState: appInForeground=true, playerUiVisible=true, playbackActive=true, isPlaying=false, state=2
12-25 17:35:18.013 D/PlaybackService(13881): Foreground mode stopped (UI visible)
12-25 17:35:18.016 D/PlayerFragment(13881): Stream prepared successfully: 5peZkbWJOa4, isAdaptive=true, type=HLS, actualSource=manifest.googlevideo.com#211a0e7e
12-25 17:35:18.018 D/PlaybackService(13881): onMediaMetadataChanged: title=أغنية البيبي الشطور بدون ايقاع | قناة مرح كي جي - Marah KG
12-25 17:35:18.019 D/PlaybackService(13881): setCurrentVideoId: 5peZkbWJOa4
12-25 17:35:18.019 D/PlayerFragment(13881): Synced MediaSession metadata for: أغنية البيبي الشطور بدون ايقاع | قناة مرح كي جي - Marah KG (forced)
12-25 17:35:18.029 D/PlayerFragment(13881): Stream already prepared with same source, skipping
12-25 17:35:18.029 D/PlayerFragment(13881): onVideoSizeChanged: width=0, height=0, pixelWidthHeightRatio=1.0, playerViewResizeMode=0
12-25 17:35:18.123 D/PlaybackService(13881): onMediaMetadataChanged: title=أغنية البيبي الشطور بدون ايقاع | قناة مرح كي جي - Marah KG
12-25 17:35:19.424 D/PlayerFragment(13881): Stream already prepared with same source, skipping
12-25 17:35:19.424 D/PlayerFragment(13881): onVideoSizeChanged: width=1920, height=1080, pixelWidthHeightRatio=1.0, playerViewResizeMode=0
12-25 17:35:19.862 D/PlayerFragment(13881): onPlaybackStateChanged: state=3
12-25 17:35:19.863 D/PlaybackService(13881): onPlaybackStateChanged: state=3, playWhenReady=true
12-25 17:35:19.863 D/PlaybackService(13881): updateForegroundState: appInForeground=true, playerUiVisible=true, playbackActive=true, isPlaying=true, state=3
12-25 17:35:19.863 D/PlaybackService(13881): Foreground mode stopped (UI visible)
12-25 17:35:19.863 D/PlayerFragment(13881): onIsPlayingChanged: isPlaying=true, hasAutoHidden=true
12-25 17:35:19.863 D/ExtractionRateLimiter(13881): Reset rate limit state for 5peZkbWJOa4
12-25 17:35:19.863 D/PlaybackService(13881): onIsPlayingChanged: isPlaying=true, uiVisible=true
12-25 17:35:19.863 D/PlaybackService(13881): updateForegroundState: appInForeground=true, playerUiVisible=true, playbackActive=true, isPlaying=true, state=3
12-25 17:35:19.864 D/PlaybackService(13881): Foreground mode stopped (UI visible)
12-25 17:35:22.798 D/PlayerFragment(13881): Controller visibility changed: 0, playerView.resizeMode=0, playerView.width=1280, playerView.height=720
12-25 17:35:22.808 D/PlayerFragment(13881): Controller visibility changed: 0, playerView.resizeMode=0, playerView.width=1280, playerView.height=720
12-25 17:35:22.814 D/PlayerFragment(13881): After controller visibility change layout: resizeMode=0, width=1280, height=720
12-25 17:35:22.815 D/PlayerFragment(13881): After controller visibility change layout: resizeMode=0, width=1280, height=720
12-25 17:35:25.851 D/PlaybackService(13881): setPlayerUiVisible: false
12-25 17:35:25.851 D/PlaybackService(13881): updateForegroundState: appInForeground=true, playerUiVisible=false, playbackActive=true, isPlaying=true, state=3
12-25 17:35:25.853 D/PlaybackService(13881): Entering foreground mode
12-25 17:35:25.853 I/ActivityManager(  681): Background started FGS: Allowed [callingPackage: com.albunyaan.tube; callingUid: 10222; uidState: TOP ; uidBFSL: [BFSL]; intent: Intent { act=com.albunyaan.tube.LOCAL_BIND cmp=com.albunyaan.tube/.player.PlaybackService }; code:PROC_STATE_TOP; tempAllowListReason:<null>; allowWiu:12; targetSdkVersion:34; callerTargetSdkVersion:34; startForegroundCount:4; bindFromPackage:null: isBindService:false]
12-25 17:35:25.854 D/PlaybackService(13881): Foreground mode started
12-25 17:35:26.029 D/PlaybackService(13881): Releasing MediaSession
12-25 17:35:26.031 D/PlayerFragment(13881): Controller visibility changed: 0, playerView.resizeMode=0, playerView.width=1280, playerView.height=720
12-25 17:35:26.041 D/PlayerFragment(13881): Controller visibility changed: 8, playerView.resizeMode=0, playerView.width=1280, playerView.height=720
12-25 17:35:26.149 I/ExoPlayerImpl(13881): Release 8b5b9d3 [AndroidXMedia3/1.4.1] [emu64xa, sdk_gphone64_x86_64, Google, 36] [media3.common, media3.ui, media3.exoplayer, media3.decoder, media3.session, media3.database, media3.exoplayer.hls, media3.datasource, media3.extractor]
12-25 17:35:31.942 D/ExtractionRateLimiter(13881): Permit acquired for vYXP1g93gS0 (PREFETCH)
12-25 17:35:31.942 D/StreamPrefetch(13881): Starting prefetch for vYXP1g93gS0
12-25 17:35:31.943 D/ExtractorMetrics(13881): extractor_cache_miss type=VIDEOS misses=1
12-25 17:35:32.003 I/ExoPlayerImpl(13881): Init 95edc11 [AndroidXMedia3/1.4.1] [emu64xa, sdk_gphone64_x86_64, Google, 36]
12-25 17:35:32.009 I/ActivityManager(  681): Background started FGS: Allowed [callingPackage: com.albunyaan.tube; callingUid: 10222; uidState: TOP ; uidBFSL: [BFSL]; intent: Intent { act=com.albunyaan.tube.LOCAL_BIND xflg=0x4 cmp=com.albunyaan.tube/.player.PlaybackService }; code:PROC_STATE_TOP; tempAllowListReason:<null>; allowWiu:12; targetSdkVersion:34; callerTargetSdkVersion:34; startForegroundCount:5; bindFromPackage:null: isBindService:true]
12-25 17:35:32.009 D/PlayerFragment(13881): Started PlaybackService for foreground notification
12-25 17:35:32.024 D/PlaybackService(13881): Initializing MediaSession with player (playWhenReady=true, state=1)
12-25 17:35:32.030 I/PlaybackService(13881): MediaSession initialized successfully - notification should appear when playback starts
12-25 17:35:32.030 D/PlaybackService(13881): setPlayerUiVisible: true
12-25 17:35:32.030 D/PlaybackService(13881): updateForegroundState: appInForeground=true, playerUiVisible=true, playbackActive=false, isPlaying=false, state=1
12-25 17:35:32.030 D/PlaybackService(13881): Foreground mode stopped (UI visible)
12-25 17:35:32.030 D/PlaybackService(13881): onStartCommand called (action=null, flags=0, startId=5)
12-25 17:35:32.031 D/PlayerViewModel(13881): Fast path: targetVideoId found at hinted index 0
12-25 17:35:32.031 D/PlayerViewModel(13881): Playlist initialized: 73 items, startIndex=0, hasMore=false
12-25 17:35:32.035 D/StreamPrefetch(13881): Awaiting in-flight prefetch for vYXP1g93gS0
12-25 17:35:33.760 D/AdaptiveAvail(13881): {"vid":"vYXP1g93gS0","hasHls":true,"hasDash":false,"adaptive":"HLS_ONLY","streamType":"VIDEO_STREAM","durSec":1791,"videoTracks":5,"audioTracks":3,"hasVideoOnly":true}
12-25 17:35:33.760 D/ExtractorMetrics(13881): stream_resolve_success videoId=vYXP1g93gS0 durationMs=1817
12-25 17:35:33.761 D/ExtractionRateLimiter(13881): Extraction success for vYXP1g93gS0 - backoff reset
12-25 17:35:33.761 D/StreamPrefetch(13881): Prefetch completed for vYXP1g93gS0
12-25 17:35:33.765 D/StreamPrefetch(13881): Prefetch consumed (awaited) for vYXP1g93gS0
12-25 17:35:33.765 D/PlayerViewModel(13881): Using tap-prefetched stream for vYXP1g93gS0
12-25 17:35:33.782 D/PlayerFragment(13881): Preparing stream: id=vYXP1g93gS0, audioOnly=false, expectedUrl=https://manifest.googlevideo.com/api/manifest/hls_variant/expire/1766702133/ei/1WdNaebmD6Kw0u8P7dGyoQo/ip/105.155.60.118/id/bd85cfd60f77812d/source/youtube/requiressl/yes/xpc/EgVo2aDSNQ%3D%3D/playback_host/rr3---sn-p5h-gc5y.googlevideo.com/cps/0/met/1766680533%2C/mh/Mj/mm/31%2C26/mn/sn-p5h-gc5y%2Csn-hgn7rn7r/ms/au%2Conr/mv/m/mvi/3/pl/22/rms/au%2Cau/tx/51666467/txs/51666463%2C51666464%2C51666465%2C51666466%2C51666467/hfr/1/demuxed/1/tts_caps/1/maudio/1/initcwndbps/942500/bui/AYUSA3BdYig9PmVi7SZRJvwkOPIhJeVVwOlVQxVUcH8FD-j0p_lI7MhBiTGxLxTAVWjC_abYBB7zPPZ8/spc/wH4Qq4cv9ep-5FWfXGVurgcegsA9VCIXsVH6UQ-KubKJ09ln-oIfRD8N_YruhLi2/vprv/1/go/1/rqh/5/mt/1766680153/fvip/2/nvgoi/1/short_key/1/ncsapi/1/keepalive/yes/fexp/51552689%2C51565115%2C51565682%2C51580968/dover/13/itag/0/playlist_type/DVR/sparams/expire%2Cei%2Cip%2Cid%2Csource%2Crequiressl%2Cxpc%2Ctx%2Ctxs%2Chfr%2Cdemuxed%2Ctts_caps%2Cmaudio%2Cbui%2Cspc%2Cvprv%2Cgo%2Crqh%2Citag%2Cplaylist_type/sig/AJfQdSswRQIhANqgPZxSYWExaOxLJB-mZSAqIKfmzS8VaIJV0GM3T6FwAiAP6_lD84Bqk9bIuC-6CcTdJCOVcBTc9Yt6UtLVQrtrPg%3D%3D/lsparams/playback_host%2Ccps%2Cmet%2Cmh%2Cmm%2Cmn%2Cms%2Cmv%2Cmvi%2Cpl%2Crms%2Cinitcwndbps/lsig/APaTxxMwRgIhAIWiOZO4-uXTsa2C5YTSJ372xPY0Ieckvn6BUYxtgj-EAiEA7KSztaotd0PM51MlZSLN34xnBKiNsxDHcq9hiSw0Ubo%3D/file/index.m3u8?, isQualitySwitch=false
12-25 17:35:33.793 D/PlayerFragment(13881): Created media source: isAdaptive=true, type=HLS, qualityCap=nullp, actualSource=manifest.googlevideo.com#28a98609
12-25 17:35:33.795 D/PlayerFragment(13881): Track selector: cleared constraints (ABR free)
12-25 17:35:33.813 D/PlayerFragment(13881): onPlaybackStateChanged: state=2
12-25 17:35:33.818 D/PlaybackService(13881): onPlaybackStateChanged: state=2, playWhenReady=true
12-25 17:35:33.818 D/PlaybackService(13881): updateForegroundState: appInForeground=true, playerUiVisible=true, playbackActive=true, isPlaying=false, state=2
12-25 17:35:33.819 D/PlaybackService(13881): Foreground mode stopped (UI visible)
12-25 17:35:33.820 D/PlayerFragment(13881): Stream prepared successfully: vYXP1g93gS0, isAdaptive=true, type=HLS, actualSource=manifest.googlevideo.com#28a98609
12-25 17:35:33.829 D/PlaybackService(13881): onMediaMetadataChanged: title=1الجملة المفيدة والاسم والفعل والحرف = النحو الواضح
12-25 17:35:33.830 D/PlaybackService(13881): setCurrentVideoId: vYXP1g93gS0
12-25 17:35:33.830 D/PlayerFragment(13881): Synced MediaSession metadata for: 1الجملة المفيدة والاسم والفعل والحرف = النحو الواضح (forced)
12-25 17:35:34.128 D/PlaybackService(13881): onMediaMetadataChanged: title=1الجملة المفيدة والاسم والفعل والحرف = النحو الواضح
12-25 17:35:50.920 D/PlayerFragment(13881): Stream already prepared with same source, skipping
12-25 17:35:50.921 D/PlayerFragment(13881): Stream already prepared with same source, skipping
12-25 17:35:50.923 D/ExtractorMetrics(13881): extractor_cache_miss type=VIDEOS misses=1
12-25 17:35:52.789 D/AdaptiveAvail(13881): {"vid":"Okgx3mAd45Q","hasHls":true,"hasDash":false,"adaptive":"HLS_ONLY","streamType":"VIDEO_STREAM","durSec":2154,"videoTracks":5,"audioTracks":3,"hasVideoOnly":true}
12-25 17:35:52.789 D/ExtractorMetrics(13881): stream_resolve_success videoId=Okgx3mAd45Q durationMs=1866
12-25 17:35:52.790 D/PlayerViewModel(13881): Stream resolved successfully on attempt 1
12-25 17:35:52.790 D/ExtractionRateLimiter(13881): Extraction success for Okgx3mAd45Q - backoff reset
12-25 17:35:52.793 D/PlayerFragment(13881): Preparing stream: id=Okgx3mAd45Q, audioOnly=false, expectedUrl=https://manifest.googlevideo.com/api/manifest/hls_variant/expire/1766702152/ei/6GdNafn3G4OM77MPqbWSkQg/ip/105.155.60.118/id/3a4831de601de394/source/youtube/requiressl/yes/xpc/EgVo2aDSNQ%3D%3D/playback_host/rr1---sn-p5h-gc5y.googlevideo.com/cps/1/met/1766680552%2C/mh/zm/mm/31%2C26/mn/sn-p5h-gc5y%2Csn-hgn7rnll/ms/au%2Conr/mv/m/mvi/1/pl/22/rms/au%2Cau/tx/51539831/txs/51539830%2C51539831/hfr/1/demuxed/1/tts_caps/1/maudio/1/initcwndbps/942500/bui/AYUSA3CP6RyiivNfeeAzBySYZ5DTGqhKw9ykLsQhdr2w3iMZfux8NLUMJm2s0hlA3cwiu-iymmQdr55L/spc/wH4Qqw82R0DNNsvINRM6iSMu4YY_qaZ6H7LB0W3-iTI1QD2mDKE19YpApzz_r-EG/vprv/1/go/1/rqh/5/mt/1766680153/fvip/2/nvgoi/1/short_key/1/ncsapi/1/keepalive/yes/fexp/51552689%2C51565115%2C51565681%2C51580968/dover/13/itag/0/playlist_type/DVR/sparams/expire%2Cei%2Cip%2Cid%2Csource%2Crequiressl%2Cxpc%2Ctx%2Ctxs%2Chfr%2Cdemuxed%2Ctts_caps%2Cmaudio%2Cbui%2Cspc%2Cvprv%2Cgo%2Crqh%2Citag%2Cplaylist_type/sig/AJfQdSswRgIhAPGALE98r4RAQ7rawu2T-6qak3f_cY5hyEThTGnWJdrVAiEA26bHuc3M12Wwzk_kJLtqYxiy7MQVfkklS-ROgFOO8eE%3D/lsparams/playback_host%2Ccps%2Cmet%2Cmh%2Cmm%2Cmn%2Cms%2Cmv%2Cmvi%2Cpl%2Crms%2Cinitcwndbps/lsig/APaTxxMwRgIhAOrEi4GUlKDQtwkRyIZ81XsGVNeOIX2q_TX9hNZqjgbwAiEAwcbN7ZtpkwqZqUL33MMbcBzTBH40Ur19DRoHS7Pyjo8%3D/file/index.m3u8?, isQualitySwitch=false
12-25 17:35:52.793 D/PlayerFragment(13881): Created media source: isAdaptive=true, type=HLS, qualityCap=nullp, actualSource=manifest.googlevideo.com#1f700c2a
12-25 17:35:52.794 D/PlayerFragment(13881): Track selector: cleared constraints (ABR free)
12-25 17:35:52.797 D/PlaybackService(13881): onMediaMetadataChanged: title=null
12-25 17:35:52.797 D/PlayerFragment(13881): Stream prepared successfully: Okgx3mAd45Q, isAdaptive=true, type=HLS, actualSource=manifest.googlevideo.com#1f700c2a
12-25 17:35:52.799 D/PlaybackService(13881): onMediaMetadataChanged: title=3المفعول به = النحو الواضح
12-25 17:35:52.799 D/PlaybackService(13881): setCurrentVideoId: Okgx3mAd45Q
12-25 17:35:52.799 D/PlayerFragment(13881): Synced MediaSession metadata for: 3المفعول به = النحو الواضح (forced)
12-25 17:35:52.805 D/PlayerFragment(13881): Stream already prepared with same source, skipping
12-25 17:35:52.805 D/PlayerFragment(13881): onVideoSizeChanged: width=0, height=0, pixelWidthHeightRatio=1.0, playerViewResizeMode=0
12-25 17:35:52.863 D/PlaybackService(13881): onMediaMetadataChanged: title=3المفعول به = النحو الواضح
12-25 17:35:58.138 D/PlaybackService(13881): setPlayerUiVisible: false
12-25 17:35:58.138 D/PlaybackService(13881): updateForegroundState: appInForeground=true, playerUiVisible=false, playbackActive=true, isPlaying=false, state=2
12-25 17:35:58.140 D/PlaybackService(13881): Entering foreground mode
12-25 17:35:58.141 I/ActivityManager(  681): Background started FGS: Allowed [callingPackage: com.albunyaan.tube; callingUid: 10222; uidState: TOP ; uidBFSL: [BFSL]; intent: Intent { act=com.albunyaan.tube.LOCAL_BIND cmp=com.albunyaan.tube/.player.PlaybackService }; code:PROC_STATE_TOP; tempAllowListReason:<null>; allowWiu:12; targetSdkVersion:34; callerTargetSdkVersion:34; startForegroundCount:5; bindFromPackage:null: isBindService:false]
12-25 17:35:58.142 D/PlaybackService(13881): Foreground mode started
12-25 17:35:58.185 D/PlaybackService(13881): Releasing MediaSession
12-25 17:35:58.305 I/ExoPlayerImpl(13881): Release 95edc11 [AndroidXMedia3/1.4.1] [emu64xa, sdk_gphone64_x86_64, Google, 36] [media3.common, media3.ui, media3.exoplayer, media3.decoder, media3.session, media3.database, media3.exoplayer.hls, media3.datasource, media3.extractor]
12-25 17:36:04.895 D/ExtractionRateLimiter(13881): Permit acquired for KdKLxwgXGos (PREFETCH)
12-25 17:36:04.895 D/StreamPrefetch(13881): Starting prefetch for KdKLxwgXGos
12-25 17:36:04.896 D/ExtractorMetrics(13881): extractor_cache_miss type=VIDEOS misses=1
12-25 17:36:04.954 I/ExoPlayerImpl(13881): Init ac8c065 [AndroidXMedia3/1.4.1] [emu64xa, sdk_gphone64_x86_64, Google, 36]
12-25 17:36:04.959 I/ActivityManager(  681): Background started FGS: Allowed [callingPackage: com.albunyaan.tube; callingUid: 10222; uidState: TOP ; uidBFSL: [BFSL]; intent: Intent { act=com.albunyaan.tube.LOCAL_BIND xflg=0x4 cmp=com.albunyaan.tube/.player.PlaybackService }; code:PROC_STATE_TOP; tempAllowListReason:<null>; allowWiu:12; targetSdkVersion:34; callerTargetSdkVersion:34; startForegroundCount:6; bindFromPackage:null: isBindService:true]
12-25 17:36:04.960 D/PlayerFragment(13881): Started PlaybackService for foreground notification
12-25 17:36:04.980 D/PlaybackService(13881): Initializing MediaSession with player (playWhenReady=true, state=1)
12-25 17:36:04.989 I/PlaybackService(13881): MediaSession initialized successfully - notification should appear when playback starts
12-25 17:36:04.989 D/PlaybackService(13881): setPlayerUiVisible: true
12-25 17:36:04.989 D/PlaybackService(13881): updateForegroundState: appInForeground=true, playerUiVisible=true, playbackActive=false, isPlaying=false, state=1
12-25 17:36:04.990 D/PlaybackService(13881): Foreground mode stopped (UI visible)
12-25 17:36:04.991 D/PlaybackService(13881): onStartCommand called (action=null, flags=0, startId=6)
12-25 17:36:04.993 D/PlayerViewModel(13881): Fast path: targetVideoId found at hinted index 1
12-25 17:36:04.994 D/PlayerViewModel(13881): Playlist initialized: 60 items, startIndex=1, hasMore=false
12-25 17:36:05.010 D/StreamPrefetch(13881): Awaiting in-flight prefetch for KdKLxwgXGos
12-25 17:36:06.577 D/AdaptiveAvail(13881): {"vid":"KdKLxwgXGos","hasHls":true,"hasDash":false,"adaptive":"HLS_ONLY","streamType":"VIDEO_STREAM","durSec":614,"videoTracks":11,"audioTracks":7,"hasVideoOnly":true}
12-25 17:36:06.577 D/ExtractorMetrics(13881): stream_resolve_success videoId=KdKLxwgXGos durationMs=1681
12-25 17:36:06.577 D/ExtractionRateLimiter(13881): Extraction success for KdKLxwgXGos - backoff reset
12-25 17:36:06.577 D/StreamPrefetch(13881): Prefetch completed for KdKLxwgXGos
12-25 17:36:06.578 D/StreamPrefetch(13881): Prefetch consumed (awaited) for KdKLxwgXGos
12-25 17:36:06.578 D/PlayerViewModel(13881): Using tap-prefetched stream for KdKLxwgXGos
12-25 17:36:06.581 D/PlayerFragment(13881): Preparing stream: id=KdKLxwgXGos, audioOnly=false, expectedUrl=https://manifest.googlevideo.com/api/manifest/hls_variant/expire/1766702166/ei/9mdNadDTDL2Pv_IPv8-v-AE/ip/105.155.60.118/id/29d28bc708171a8b/source/youtube/requiressl/yes/xpc/EgVo2aDSNQ%3D%3D/playback_host/rr1---sn-p5h-gc5e7.googlevideo.com/cps/0/met/1766680566%2C/mh/Vb/mm/31%2C26/mn/sn-p5h-gc5e7%2Csn-hgn7rnee/ms/au%2Conr/mv/m/mvi/1/pl/22/rms/au%2Cau/tx/51539830/txs/51539830%2C51539831/hfr/1/demuxed/1/tts_caps/1/maudio/1/initcwndbps/940000/bui/AYUSA3C-GjJooA8Bf-1C36lxzVS_ulKL_s2iy5nGePJJU2RpEGgGLEslbm1dhBU78FHtHLXn00CPQCxb/spc/wH4Qq9wknXO82hhRoBE3VwKv0wUj3b9D7hWxCoVjbxaKlly0An7xzY9azF1uNeUt/vprv/1/go/1/rqh/5/mt/1766680153/fvip/2/nvgoi/1/short_key/1/ncsapi/1/keepalive/yes/fexp/51552689%2C51565116%2C51565681%2C51580968/dover/13/itag/0/playlist_type/DVR/sparams/expire%2Cei%2Cip%2Cid%2Csource%2Crequiressl%2Cxpc%2Ctx%2Ctxs%2Chfr%2Cdemuxed%2Ctts_caps%2Cmaudio%2Cbui%2Cspc%2Cvprv%2Cgo%2Crqh%2Citag%2Cplaylist_type/sig/AJfQdSswRQIgKgD1V4EJNosq5dExUNj9jBQsOjDyWwa5Fk8Avco9yKcCIQDWz-ZiaRD2KQswVAAejj6xoTVp8rys_jzsMr7XnsAKQA%3D%3D/lsparams/playback_host%2Ccps%2Cmet%2Cmh%2Cmm%2Cmn%2Cms%2Cmv%2Cmvi%2Cpl%2Crms%2Cinitcwndbps/lsig/APaTxxMwRgIhAL4Wgg1ynG5ZxY0XF2CWYYvfD71hfttvuTxCc8nzNNbPAiEA3xTizqs1TFbgvtrCdjyw26emqkg9dCNiVNR4SmiXOmA%3D/file/index.m3u8?, isQualitySwitch=false
12-25 17:36:06.581 D/PlayerFragment(13881): Created media source: isAdaptive=true, type=HLS, qualityCap=nullp, actualSource=manifest.googlevideo.com#2461f7d5
12-25 17:36:06.581 D/PlayerFragment(13881): Track selector: cleared constraints (ABR free)
12-25 17:36:06.588 D/PlayerFragment(13881): onPlaybackStateChanged: state=2
12-25 17:36:06.589 D/PlaybackService(13881): onPlaybackStateChanged: state=2, playWhenReady=true
12-25 17:36:06.589 D/PlaybackService(13881): updateForegroundState: appInForeground=true, playerUiVisible=true, playbackActive=true, isPlaying=false, state=2
12-25 17:36:06.590 D/PlaybackService(13881): Foreground mode stopped (UI visible)
12-25 17:36:06.590 D/PlayerFragment(13881): Stream prepared successfully: KdKLxwgXGos, isAdaptive=true, type=HLS, actualSource=manifest.googlevideo.com#2461f7d5
12-25 17:36:06.593 D/PlaybackService(13881): onMediaMetadataChanged: title=الحلقة 2 "العظماء المائة": ماذا تعرف عن تاريخك؟ جهاد الترباني
12-25 17:36:06.593 D/PlaybackService(13881): setCurrentVideoId: KdKLxwgXGos
12-25 17:36:06.593 D/PlayerFragment(13881): Synced MediaSession metadata for: الحلقة 2 "العظماء المائة": ماذا تعرف عن تاريخك؟ جهاد الترباني (forced)
12-25 17:36:06.663 D/PlaybackService(13881): onMediaMetadataChanged: title=الحلقة 2 "العظماء المائة": ماذا تعرف عن تاريخك؟ جهاد الترباني
12-25 17:36:20.911 D/PlayerFragment(13881): onVideoSizeChanged: width=960, height=720, pixelWidthHeightRatio=1.0, playerViewResizeMode=0
12-25 17:36:20.945 D/PlayerFragment(13881): onPlaybackStateChanged: state=3
12-25 17:36:20.946 D/PlaybackService(13881): onPlaybackStateChanged: state=3, playWhenReady=true
12-25 17:36:20.946 D/PlaybackService(13881): updateForegroundState: appInForeground=true, playerUiVisible=true, playbackActive=true, isPlaying=true, state=3
12-25 17:36:20.946 D/PlaybackService(13881): Foreground mode stopped (UI visible)
12-25 17:36:20.946 D/PlayerFragment(13881): onIsPlayingChanged: isPlaying=true, hasAutoHidden=false
12-25 17:36:20.946 D/ExtractionRateLimiter(13881): Reset rate limit state for KdKLxwgXGos
12-25 17:36:20.947 D/PlaybackService(13881): onIsPlayingChanged: isPlaying=true, uiVisible=true
12-25 17:36:20.948 D/PlaybackService(13881): updateForegroundState: appInForeground=true, playerUiVisible=true, playbackActive=true, isPlaying=true, state=3
12-25 17:36:20.948 D/ExtractionRateLimiter(13881): Permit acquired for wDw6S9MHhMo (PREFETCH)
12-25 17:36:20.948 D/PlaybackService(13881): Foreground mode stopped (UI visible)
12-25 17:36:20.948 D/PlayerViewModel(13881): Prefetch: Starting for wDw6S9MHhMo
12-25 17:36:20.948 D/ExtractorMetrics(13881): extractor_cache_miss type=VIDEOS misses=1
12-25 17:36:22.305 D/AdaptiveAvail(13881): {"vid":"wDw6S9MHhMo","hasHls":true,"hasDash":false,"adaptive":"HLS_ONLY","streamType":"VIDEO_STREAM","durSec":644,"videoTracks":11,"audioTracks":5,"hasVideoOnly":true}
12-25 17:36:22.305 D/ExtractorMetrics(13881): stream_resolve_success videoId=wDw6S9MHhMo durationMs=1356
12-25 17:36:22.305 D/ExtractionRateLimiter(13881): Extraction success for wDw6S9MHhMo - backoff reset
12-25 17:36:22.305 D/PlayerViewModel(13881): Prefetch: Completed for wDw6S9MHhMo
12-25 17:36:22.305 D/ExtractionRateLimiter(13881): Permit acquired for 7mSb3DAQk-A (PREFETCH)
12-25 17:36:22.305 D/PlayerViewModel(13881): Prefetch: Starting for 7mSb3DAQk-A
12-25 17:36:22.305 D/ExtractorMetrics(13881): extractor_cache_miss type=VIDEOS misses=1
12-25 17:36:23.207 W/ExtractorMetrics(13881): stream_resolve_failure videoId=7mSb3DAQk-A
12-25 17:36:23.207 W/ExtractorMetrics(13881): org.schabi.newpipe.extractor.exceptions.AgeRestrictedContentException: This age-restricted video cannot be watched anonymously
12-25 17:36:23.207 W/ExtractorMetrics(13881): 	at org.schabi.newpipe.extractor.services.youtube.extractors.YoutubeStreamExtractor.checkPlayabilityStatus(YoutubeStreamExtractor.java:899)
12-25 17:36:23.207 W/ExtractorMetrics(13881): 	at org.schabi.newpipe.extractor.services.youtube.extractors.YoutubeStreamExtractor.fetchHtml5EmbedClient(YoutubeStreamExtractor.java:971)
12-25 17:36:23.207 W/ExtractorMetrics(13881): 	at org.schabi.newpipe.extractor.services.youtube.extractors.YoutubeStreamExtractor.fetchHtml5Client(YoutubeStreamExtractor.java:931)
12-25 17:36:23.207 W/ExtractorMetrics(13881): 	at org.schabi.newpipe.extractor.services.youtube.extractors.YoutubeStreamExtractor.onFetchPage(YoutubeStreamExtractor.java:823)
12-25 17:36:23.207 W/ExtractorMetrics(13881): 	at org.schabi.newpipe.extractor.Extractor.fetchPage(Extractor.java:60)
12-25 17:36:23.207 W/ExtractorMetrics(13881): 	at com.albunyaan.tube.data.extractor.NewPipeExtractorClient$resolveStreams$2.invokeSuspend(NewPipeExtractorClient.kt:91)
12-25 17:36:23.207 W/ExtractorMetrics(13881): 	at com.albunyaan.tube.data.extractor.NewPipeExtractorClient$resolveStreams$2.invoke(Unknown Source:8)
12-25 17:36:23.207 W/ExtractorMetrics(13881): 	at com.albunyaan.tube.data.extractor.NewPipeExtractorClient$resolveStreams$2.invoke(Unknown Source:4)
12-25 17:36:23.207 W/ExtractorMetrics(13881): 	at kotlinx.coroutines.intrinsics.UndispatchedKt.startUndispatchedOrReturn(Undispatched.kt:78)
12-25 17:36:23.207 W/ExtractorMetrics(13881): 	at kotlinx.coroutines.BuildersKt__Builders_commonKt.withContext(Builders.common.kt:167)
12-25 17:36:23.207 W/ExtractorMetrics(13881): 	at kotlinx.coroutines.BuildersKt.withContext(Unknown Source:1)
12-25 17:36:23.207 W/ExtractorMetrics(13881): 	at com.albunyaan.tube.data.extractor.NewPipeExtractorClient.resolveStreams(NewPipeExtractorClient.kt:70)
12-25 17:36:23.207 W/ExtractorMetrics(13881): 	at com.albunyaan.tube.player.DefaultPlayerRepository.resolveStreams(PlayerRepository.kt:18)
12-25 17:36:23.207 W/ExtractorMetrics(13881): 	at com.albunyaan.tube.player.PlayerRepository$DefaultImpls.resolveStreams$default(PlayerRepository.kt:11)
12-25 17:36:23.207 W/ExtractorMetrics(13881): 	at com.albunyaan.tube.ui.player.PlayerViewModel$prefetchNextItems$1.invokeSuspend(PlayerViewModel.kt:1276)
12-25 17:36:23.207 W/ExtractorMetrics(13881): 	at kotlin.coroutines.jvm.internal.BaseContinuationImpl.resumeWith(ContinuationImpl.kt:33)
12-25 17:36:23.207 W/ExtractorMetrics(13881): 	at kotlinx.coroutines.DispatchedTask.run(DispatchedTask.kt:108)
12-25 17:36:23.207 W/ExtractorMetrics(13881): 	at kotlinx.coroutines.internal.LimitedDispatcher$Worker.run(LimitedDispatcher.kt:115)
